// Vitest Snapshot v1

exports[`ext js, file > 001. 普通字符串.js 1`] = `
"let province = I18N.$fanyi('重庆')
let str = I18N.$fanyi('中国') + province
"
`;

exports[`ext js, file > 002. 普通字符串-表达式.js 1`] = `
"let str = I18N.$fanyi('中国') + I18N.$fanyi('重庆')
"
`;

exports[`ext js, file > 003. 模板字符串-不带参数.js 1`] = `
"let str = I18N.$fanyi('中国')
"
`;

exports[`ext js, file > 004. 模板字符串-带参数.js 1`] = `
"let country = I18N.$fanyi('中国')
let str = I18N.$fanyi('中国 ') + country
"
`;

exports[`ext js, file > 005. 模板字符串-带多个参数.js 1`] = `
"let country = I18N.$fanyi('中国')
let province = I18N.$fanyi('重庆')
let str = I18N.$fanyi('中国 ') + province
"
`;

exports[`ext js, file > 006. 字符串作为KEY.js 1`] = `
"let obj = {}
obj['我的祖国'] = 1
obj = {
  我的祖国: 1
}
obj['我的' + '祖国'] = 1
"
`;

exports[`ext js, file > 007. 模板字符串作为KEY.js 1`] = `
"let obj = {}
obj[\`我的祖国\`] = 1
obj[\`我的\` + \`祖国\`] = 1
"
`;

exports[`ext js, file > 008. 注释.js 1`] = `
"const a =
  /* this is inner block comment @d-i18n-disable */
  '111'
/* this is block comment */

const b = I18N.$fanyi('222')

// this is line comment

const c = I18N.$fanyi('333')

// this is function comment  @d-i18n-disable

function add() {
  const str = '444'
  console.log(str)
}

// this is arrow function comment

const minus = () => {
  const str = I18N.$fanyi('555')
  console.log(str)
  /**
   * 1
   * 2
   * 3
   */

  // this is block statement comment

  {
    console.log(I18N.$fanyi('666'))
  }
}
"
`;
